{"assetsDirPath":"@/buck-out/gen/js/bundle-with-android-lib#_js_,android,release/res","bundlePath":"@/buck-out/gen/js/bundle-with-android-lib#_js_,android,release/js/android-bundle.js","command":"bundle","entryPoints":["fruit-salad"],"libraryGroups":[],"libraries":["@/buck-out/gen/js/extras#android,release.jslib","@/buck-out/gen/js/fruit#android,release.jslib","@/buck-out/gen/js/fruit-salad#android,release.jslib"],"platform":"android","release":true,"rootPath":"@","sourceMapPath":"@/buck-out/gen/js/bundle-with-android-lib#_js_,android,release/map/android-bundle.js.map"}
library-dependencies --release --platform android --root @
library-files --release --platform android --root @
optimize --arbitrary extra --flags --platform android
transform --arbitrary extra --flags --filename js/extras/choclate-chips.js
var choclateChips;
optimize --arbitrary extra --flags --platform android
transform --arbitrary extra --flags --filename js/extras/yoghurt.js
var yoghurt;
library-dependencies --release --platform android --root @
library-files --release --platform android --root @
optimize --platform android
transform --filename js/apple.js
var apple;
optimize --platform android
transform --filename js/banana.js
var banana;
optimize --platform android
transform --filename js/pear.js
var pear;
library-dependencies --release --platform android --root @ --lib @/buck-out/gen/js/extras#android,release.jslib --lib @/buck-out/gen/js/fruit#android,release.jslib
library-dependencies --release --platform android --root @
library-files --release --platform android --root @
optimize --arbitrary extra --flags --platform android
transform --arbitrary extra --flags --filename js/extras/choclate-chips.js
var choclateChips;
optimize --arbitrary extra --flags --platform android
transform --arbitrary extra --flags --filename js/extras/yoghurt.js
var yoghurt;
library-dependencies --release --platform android --root @
library-files --release --platform android --root @
optimize --platform android
transform --filename js/apple.js
var apple;
optimize --platform android
transform --filename js/banana.js
var banana;
optimize --platform android
transform --filename js/pear.js
var pear;
library-files --release --platform android --root @
optimize --platform android
transform --filename js/fruit-salad.js
var fruitSalad;
