#@# GENERATED FILE: DO NOT MODIFY 3d240f4dc9d2c8862b90aeed3b2de0df28e6409a #@#
{
  "foo" : [
    "//:bar"
  ]
}
