{"assetsDirPath":"@/buck-out/gen/js/fruit-salad-in-a-bundle#_js_,android,release/res","bundlePath":"@/buck-out/gen/js/fruit-salad-in-a-bundle#_js_,android,release/js/fruit-salad-in-a-bundle.js","command":"bundle","entryPoints":["fruit-salad"],"libraryGroups":[],"libraries":["@/buck-out/gen/js/extras#android,release.jslib","@/buck-out/gen/js/fruit#android,release.jslib","@/buck-out/gen/js/fruit-salad#android,release.jslib"],"platform":"android","release":true,"rootPath":"@","sourceMapPath":"@/buck-out/gen/js/fruit-salad-in-a-bundle#_js_,android,release/map/fruit-salad-in-a-bundle.js.map"}
{"command":"library-dependencies","release":true,"rootPath":"@","platform":"android","outputPath":"@/buck-out/gen/js/extras#android,release.jslib","dependencyLibraryFilePaths":[],"aggregatedSourceFilesFilePath":"@/buck-out/gen/js/extras#_files_,android,release.jslib"}
library-files --release --platform android --root @
optimize --arbitrary extra --flags --platform android
transform --arbitrary extra --flags --filename js/extras/choclate-chips.js
var choclateChips;
optimize --arbitrary extra --flags --platform android
transform --arbitrary extra --flags --filename js/extras/yoghurt.js
var yoghurt;
{"command":"library-dependencies","release":true,"rootPath":"@","platform":"android","outputPath":"@/buck-out/gen/js/fruit#android,release.jslib","dependencyLibraryFilePaths":[],"aggregatedSourceFilesFilePath":"@/buck-out/gen/js/fruit#_files_,android,release.jslib"}
library-files --release --platform android --root @
optimize --platform android
transform --filename js/apple.js
var apple;
optimize --platform android
transform --filename js/banana.js
var banana;
optimize --platform android
transform --filename js/pear.js
var pear;
{"command":"library-dependencies","release":true,"rootPath":"@","platform":"android","outputPath":"@/buck-out/gen/js/fruit-salad#android,release.jslib","dependencyLibraryFilePaths":["@/buck-out/gen/js/extras#android,release.jslib","@/buck-out/gen/js/fruit#android,release.jslib"],"aggregatedSourceFilesFilePath":"@/buck-out/gen/js/fruit-salad#_files_,android,release.jslib"}
{"command":"library-dependencies","release":true,"rootPath":"@","platform":"android","outputPath":"@/buck-out/gen/js/extras#android,release.jslib","dependencyLibraryFilePaths":[],"aggregatedSourceFilesFilePath":"@/buck-out/gen/js/extras#_files_,android,release.jslib"}
library-files --release --platform android --root @
optimize --arbitrary extra --flags --platform android
transform --arbitrary extra --flags --filename js/extras/choclate-chips.js
var choclateChips;
optimize --arbitrary extra --flags --platform android
transform --arbitrary extra --flags --filename js/extras/yoghurt.js
var yoghurt;
{"command":"library-dependencies","release":true,"rootPath":"@","platform":"android","outputPath":"@/buck-out/gen/js/fruit#android,release.jslib","dependencyLibraryFilePaths":[],"aggregatedSourceFilesFilePath":"@/buck-out/gen/js/fruit#_files_,android,release.jslib"}
library-files --release --platform android --root @
optimize --platform android
transform --filename js/apple.js
var apple;
optimize --platform android
transform --filename js/banana.js
var banana;
optimize --platform android
transform --filename js/pear.js
var pear;
library-files --release --platform android --root @
optimize --platform android
transform --filename js/fruit-salad.js
var fruitSalad;
