{"assetsDirPath":"@/buck-out/gen/js/fruit-with-extras/res","bundlePath":"@/buck-out/gen/js/fruit-with-extras/js/some-fruit-with-delicious-extras.js","command":"bundle","entryPoints":["yoghurt","banana","apple"],"libraryGroups":[],"libraries":["@/buck-out/gen/js/extras.jslib","@/buck-out/gen/js/fruit.jslib"],"release":false,"rootPath":"@","sourceMapPath":"@/buck-out/gen/js/fruit-with-extras/map/some-fruit-with-delicious-extras.js.map"}
{"command":"library-dependencies","release":false,"rootPath":"@","outputPath":"@/buck-out/gen/js/extras.jslib","dependencyLibraryFilePaths":[],"aggregatedSourceFilesFilePath":"@/buck-out/gen/js/extras#_files_.jslib"}
library-files --root @
transform --arbitrary extra --flags --filename js/extras/choclate-chips.js
var choclateChips;
transform --arbitrary extra --flags --filename js/extras/yoghurt.js
var yoghurt;
{"command":"library-dependencies","release":false,"rootPath":"@","outputPath":"@/buck-out/gen/js/fruit.jslib","dependencyLibraryFilePaths":[],"aggregatedSourceFilesFilePath":"@/buck-out/gen/js/fruit#_files_.jslib"}
library-files --root @
transform --filename js/apple.js
var apple;
transform --filename js/banana.js
var banana;
transform --filename js/pear.js
var pear;
postprocessed
