{"command":"library-dependencies","release":false,"rootPath":"@","outputPath":"@/buck-out/gen/js/replace-build-target-prefix.jslib","dependencyLibraryFilePaths":[],"aggregatedSourceFilesFilePath":"@/buck-out/gen/js/replace-build-target-prefix#_files_.jslib"}
library-files --root @
transform --filename js/node_modules/exported.js
var exported;
