{"command":"library-dependencies","release":false,"rootPath":"@","outputPath":"@/buck-out/gen/js/lib-with-deps-query.jslib","dependencyLibraryFilePaths":["@/buck-out/gen/js/build-target-output.jslib","@/buck-out/gen/js/native-js/photo-album-js.jslib","@/buck-out/gen/js/native-js/text-widget-js.jslib"],"aggregatedSourceFilesFilePath":"@/buck-out/gen/js/lib-with-deps-query#_files_.jslib"}
{"command":"library-dependencies","release":false,"rootPath":"@","outputPath":"@/buck-out/gen/js/build-target-output.jslib","dependencyLibraryFilePaths":[],"aggregatedSourceFilesFilePath":"@/buck-out/gen/js/build-target-output#_files_.jslib"}
library-files --root @
transform --filename buck-out/gen/external/exported.js/exported.js
var exported;
{"command":"library-dependencies","release":false,"rootPath":"@","outputPath":"@/buck-out/gen/js/native-js/photo-album-js.jslib","dependencyLibraryFilePaths":[],"aggregatedSourceFilesFilePath":"@/buck-out/gen/js/native-js/photo-album-js#_files_.jslib"}
library-files --root @
transform --filename js/native-js/photo-album.js
var photoAlbum;
{"command":"library-dependencies","release":false,"rootPath":"@","outputPath":"@/buck-out/gen/js/native-js/text-widget-js.jslib","dependencyLibraryFilePaths":[],"aggregatedSourceFilesFilePath":"@/buck-out/gen/js/native-js/text-widget-js#_files_.jslib"}
library-files --root @
transform --filename js/native-js/text-widget.js
var textWidget;
library-files --root @
