<?xml version="1.0" encoding="UTF-8"?><project version="4">
  <component name="ChangeListManager">
    <ignored path="$PROJECT_DIR$/buck-out/"/>
    <ignored path="$PROJECT_DIR$/modules/dep1/res/values-en/"/>
    <option name="EXCLUDED_CONVERTED_TO_IGNORED" value="true"/>
  </component>
</project>
