#@# GENERATED FILE: DO NOT MODIFY 107361c1872f1cd55b3a7fdbb3632d82f91f0087 #@#
{
  "foo" : {
    "deps" : [
      "//alternate_bar:bar"
    ],
    "exported_deps" : [ ]
  }
}
