<manifest xmlns:android="http://schemas.android.com/apk/res/android" android:versionCode="1" android:versionName="1.0" package="com.sample.android">
    <uses-sdk android:minSdkVersion="8" android:targetSdkVersion="10"/>

    <uses-permission android:name="android.permission.INTERNET"/>
    <uses-permission android:name="android.permission.ACCESS_NETWORK_STATE"/>
    <uses-permission android:name="android.permission.ACCESS_WIFI_STATE"/>

    <application android:hardwareAccelerated="true" android:icon="@drawable/ic_launcher" android:label="@string/app_name" android:name="com.sample.android.SampleApplication" android:theme="@android:style/Theme.NoTitleBar">
        <provider android:authorities="com.sample.provider.SamplePrefsProvider" android:name="com.sample.prefs.SamplePreferencesContentProvider"/>
        <service android:name="com.sample.util.service.SampleService"/>
        <activity android:name="com.sample.home.prefs.SampleRendererSettingsActivity"/>
        <service android:name="com.sample.home.service.SampleHomeService"/>
        <activity android:name="com.sample.simple.activity.SimpleActivity">
            <intent-filter>
                <action android:name="android.intent.action.MAIN"/>
                <category android:name="android.intent.category.LAUNCHER"/>
            </intent-filter>
        </activity>
        <activity android:configChanges="keyboard|keyboardHidden|screenLayout|orientation" android:launchMode="singleTop" android:name="com.sample.simple.activity.SimpleFragmentActivity" android:windowSoftInputMode="adjustResize"/>
        <activity android:name="com.sample.simple.activity.AlertActivity"/>
    </application>

</manifest>
