#@# GENERATED FILE: DO NOT MODIFY eee3add3bad6cfbdd7fd5da65c34051c2a6dfe95 #@#
{
  "bar" : {
    "deps" : [
      "//java/com/example/baz:baz"
    ],
    "exported_deps" : [ ]
  },
  "foo" : {
    "deps" : [
      "//java/com/example:bar",
      "//java/com/example/baz:baz"
    ],
    "exported_deps" : [ ]
  }
}
